[0.027s] Invoking command in '/home/sentry_ws/src/build/sentry_waypoint_loader_cpp': /usr/bin/cmake /home/sentry_ws/src/sentry_waypoint_loader_cpp -DCATKIN_INSTALL_INTO_PREFIX_ROOT=0 -DCMAKE_INSTALL_PREFIX=/home/sentry_ws/src/install/sentry_waypoint_loader_cpp
[0.042s] -- Found ament_cmake: 1.3.6 (/opt/ros/humble/share/ament_cmake/cmake)
[0.235s] -- Found rclcpp: 16.0.5 (/opt/ros/humble/share/rclcpp/cmake)
[0.275s] -- Found rosidl_generator_c: 3.1.5 (/opt/ros/humble/share/rosidl_generator_c/cmake)
[0.280s] -- Found rosidl_adapter: 3.1.5 (/opt/ros/humble/share/rosidl_adapter/cmake)
[0.287s] -- Found rosidl_generator_cpp: 3.1.5 (/opt/ros/humble/share/rosidl_generator_cpp/cmake)
[0.300s] -- Using all available rosidl_typesupport_c: rosidl_typesupport_fastrtps_c;rosidl_typesupport_introspection_c
[0.318s] -- Using all available rosidl_typesupport_cpp: rosidl_typesupport_fastrtps_cpp;rosidl_typesupport_introspection_cpp
[0.384s] -- Found rmw_implementation_cmake: 6.1.1 (/opt/ros/humble/share/rmw_implementation_cmake/cmake)
[0.386s] -- Found rmw_fastrtps_cpp: 6.2.3 (/opt/ros/humble/share/rmw_fastrtps_cpp/cmake)
[0.608s] -- Using RMW implementation 'rmw_fastrtps_cpp' as default
[0.778s] -- Found rclcpp_action: 16.0.5 (/opt/ros/humble/share/rclcpp_action/cmake)
[0.875s] -- Found nav2_msgs: 1.1.13 (/opt/ros/humble/share/nav2_msgs/cmake)
[1.296s] -- Configuring done
[1.409s] -- Generating done
[1.412s] -- Build files have been written to: /home/sentry_ws/src/build/sentry_waypoint_loader_cpp
[1.427s] Invoked command in '/home/sentry_ws/src/build/sentry_waypoint_loader_cpp' returned '0': /usr/bin/cmake /home/sentry_ws/src/sentry_waypoint_loader_cpp -DCATKIN_INSTALL_INTO_PREFIX_ROOT=0 -DCMAKE_INSTALL_PREFIX=/home/sentry_ws/src/install/sentry_waypoint_loader_cpp
[1.428s] Invoking command in '/home/sentry_ws/src/build/sentry_waypoint_loader_cpp': /usr/bin/cmake --build /home/sentry_ws/src/build/sentry_waypoint_loader_cpp -- -j16 -l16
[1.509s] [ 50%] [32mBuilding CXX object CMakeFiles/waypoint_loader_cpp.dir/src/waypoint_loader.cpp.o[0m
[3.144s] [01m[K/home/sentry_ws/src/sentry_waypoint_loader_cpp/src/waypoint_loader.cpp:4:10:[m[K [01;31m[Kfatal error: [m[Knav2_msgs/srv/load_waypoints.hpp: No such file or directory
[3.144s]     4 | #include [01;31m[K<nav2_msgs/srv/load_waypoints.hpp>[m[K
[3.144s]       |          [01;31m[K^~~~~~~~~~~~~~~~~~~~~~~~~~~~~~~~~~[m[K
[3.144s] compilation terminated.
[3.149s] gmake[2]: *** [CMakeFiles/waypoint_loader_cpp.dir/build.make:76: CMakeFiles/waypoint_loader_cpp.dir/src/waypoint_loader.cpp.o] Error 1
[3.149s] gmake[1]: *** [CMakeFiles/Makefile2:137: CMakeFiles/waypoint_loader_cpp.dir/all] Error 2
[3.150s] gmake: *** [Makefile:146: all] Error 2
[3.152s] Invoked command in '/home/sentry_ws/src/build/sentry_waypoint_loader_cpp' returned '2': /usr/bin/cmake --build /home/sentry_ws/src/build/sentry_waypoint_loader_cpp -- -j16 -l16
