-- Found ament_cmake: 1.3.6 (/opt/ros/humble/share/ament_cmake/cmake)
-- Found rclcpp: 16.0.5 (/opt/ros/humble/share/rclcpp/cmake)
-- Found rosidl_generator_c: 3.1.5 (/opt/ros/humble/share/rosidl_generator_c/cmake)
-- Found rosidl_adapter: 3.1.5 (/opt/ros/humble/share/rosidl_adapter/cmake)
-- Found rosidl_generator_cpp: 3.1.5 (/opt/ros/humble/share/rosidl_generator_cpp/cmake)
-- Using all available rosidl_typesupport_c: rosidl_typesupport_fastrtps_c;rosidl_typesupport_introspection_c
-- Using all available rosidl_typesupport_cpp: rosidl_typesupport_fastrtps_cpp;rosidl_typesupport_introspection_cpp
-- Found rmw_implementation_cmake: 6.1.1 (/opt/ros/humble/share/rmw_implementation_cmake/cmake)
-- Found rmw_fastrtps_cpp: 6.2.3 (/opt/ros/humble/share/rmw_fastrtps_cpp/cmake)
-- Using RMW implementation 'rmw_fastrtps_cpp' as default
-- Found rclcpp_action: 16.0.5 (/opt/ros/humble/share/rclcpp_action/cmake)
-- Found nav2_msgs: 1.1.13 (/opt/ros/humble/share/nav2_msgs/cmake)
-- Configuring done
-- Generating done
-- Build files have been written to: /home/sentry_ws/src/build/sentry_waypoint_loader_cpp
[ 50%] [32mBuilding CXX object CMakeFiles/waypoint_loader_cpp.dir/src/waypoint_loader.cpp.o[0m
In file included from [01m[K/opt/ros/humble/include/rclcpp/rclcpp/logging.hpp:24[m[K,
                 from [01m[K/opt/ros/humble/include/rclcpp/rclcpp/client.hpp:40[m[K,
                 from [01m[K/opt/ros/humble/include/rclcpp/rclcpp/callback_group.hpp:24[m[K,
                 from [01m[K/opt/ros/humble/include/rclcpp/rclcpp/any_executable.hpp:20[m[K,
                 from [01m[K/opt/ros/humble/include/rclcpp/rclcpp/memory_strategy.hpp:25[m[K,
                 from [01m[K/opt/ros/humble/include/rclcpp/rclcpp/memory_strategies.hpp:18[m[K,
                 from [01m[K/opt/ros/humble/include/rclcpp/rclcpp/executor_options.hpp:20[m[K,
                 from [01m[K/opt/ros/humble/include/rclcpp/rclcpp/executor.hpp:37[m[K,
                 from [01m[K/opt/ros/humble/include/rclcpp/rclcpp/executors/multi_threaded_executor.hpp:25[m[K,
                 from [01m[K/opt/ros/humble/include/rclcpp/rclcpp/executors.hpp:21[m[K,
                 from [01m[K/opt/ros/humble/include/rclcpp/rclcpp/rclcpp.hpp:155[m[K,
                 from [01m[K/home/sentry_ws/src/sentry_waypoint_loader_cpp/src/waypoint_loader.cpp:1[m[K:
[01m[K/home/sentry_ws/src/sentry_waypoint_loader_cpp/src/waypoint_loader.cpp:[m[K In lambda function:
[01m[K/home/sentry_ws/src/sentry_waypoint_loader_cpp/src/waypoint_loader.cpp:171:39:[m[K [01;31m[Kerror: [m[K‘[01m[Kusing element_type = struct nav2_msgs::action::FollowWaypoints_Result_<std::allocator<void> >[m[K’ {aka ‘[01m[Kstruct nav2_msgs::action::FollowWaypoints_Result_<std::allocator<void> >[m[K’} has no member named ‘[01m[Ksuccessful_poses[m[K’
  171 |                        result.result->[01;31m[Ksuccessful_poses[m[K, result.result->failed_poses);
      |                                       [01;31m[K^~~~~~~~~~~~~~~~[m[K
[01m[K/home/sentry_ws/src/sentry_waypoint_loader_cpp/src/waypoint_loader.cpp:171:72:[m[K [01;31m[Kerror: [m[K‘[01m[Kusing element_type = struct nav2_msgs::action::FollowWaypoints_Result_<std::allocator<void> >[m[K’ {aka ‘[01m[Kstruct nav2_msgs::action::FollowWaypoints_Result_<std::allocator<void> >[m[K’} has no member named ‘[01m[Kfailed_poses[m[K’
  171 |             result.result->successful_poses, result.result->[01;31m[Kfailed_poses[m[K);
      |                                                             [01;31m[K^~~~~~~~~~~~[m[K

[01m[K/home/sentry_ws/src/sentry_waypoint_loader_cpp/src/waypoint_loader.cpp:[m[K In lambda function:
[01m[K/home/sentry_ws/src/sentry_waypoint_loader_cpp/src/waypoint_loader.cpp:189:58:[m[K [01;31m[Kerror: [m[K‘[01m[Kusing element_type = const struct nav2_msgs::action::FollowWaypoints_Feedback_<std::allocator<void> >[m[K’ {aka ‘[01m[Kconst struct nav2_msgs::action::FollowWaypoints_Feedback_<std::allocator<void> >[m[K’} has no member named ‘[01m[Ktotal_waypoints[m[K’
  189 |                    feedback->current_waypoint, feedback->[01;31m[Ktotal_waypoints[m[K);
      |                                                          [01;31m[K^~~~~~~~~~~~~~~[m[K
gmake[2]: *** [CMakeFiles/waypoint_loader_cpp.dir/build.make:76: CMakeFiles/waypoint_loader_cpp.dir/src/waypoint_loader.cpp.o] Error 1
gmake[1]: *** [CMakeFiles/Makefile2:137: CMakeFiles/waypoint_loader_cpp.dir/all] Error 2
gmake: *** [Makefile:146: all] Error 2
