[0.021s] Invoking command in '/home/sentry_ws/src/build/sentry_waypoint_loader_cpp': CMAKE_PREFIX_PATH=${CMAKE_PREFIX_PATH}:/home/sentry_ws/install/control_panel:/opt/ros/humble /usr/bin/cmake /home/sentry_ws/src/sentry_waypoint_loader_cpp -DCMAKE_INSTALL_PREFIX=/home/sentry_ws/src/install/sentry_waypoint_loader_cpp
[0.041s] -- Found ament_cmake: 1.3.6 (/opt/ros/humble/share/ament_cmake/cmake)
[0.223s] -- Found rclcpp: 16.0.5 (/opt/ros/humble/share/rclcpp/cmake)
[0.259s] -- Found rosidl_generator_c: 3.1.5 (/opt/ros/humble/share/rosidl_generator_c/cmake)
[0.262s] -- Found rosidl_adapter: 3.1.5 (/opt/ros/humble/share/rosidl_adapter/cmake)
[0.269s] -- Found rosidl_generator_cpp: 3.1.5 (/opt/ros/humble/share/rosidl_generator_cpp/cmake)
[0.279s] -- Using all available rosidl_typesupport_c: rosidl_typesupport_fastrtps_c;rosidl_typesupport_introspection_c
[0.300s] -- Using all available rosidl_typesupport_cpp: rosidl_typesupport_fastrtps_cpp;rosidl_typesupport_introspection_cpp
[0.384s] -- Found rmw_implementation_cmake: 6.1.1 (/opt/ros/humble/share/rmw_implementation_cmake/cmake)
[0.386s] -- Found rmw_fastrtps_cpp: 6.2.3 (/opt/ros/humble/share/rmw_fastrtps_cpp/cmake)
[0.636s] -- Using RMW implementation 'rmw_fastrtps_cpp' as default
[0.809s] -- Found rclcpp_action: 16.0.5 (/opt/ros/humble/share/rclcpp_action/cmake)
[0.905s] -- Found nav2_msgs: 1.1.13 (/opt/ros/humble/share/nav2_msgs/cmake)
[1.334s] -- Configuring done
[1.352s] -- Generating done
[1.354s] -- Build files have been written to: /home/sentry_ws/src/build/sentry_waypoint_loader_cpp
[1.365s] Invoked command in '/home/sentry_ws/src/build/sentry_waypoint_loader_cpp' returned '0': CMAKE_PREFIX_PATH=${CMAKE_PREFIX_PATH}:/home/sentry_ws/install/control_panel:/opt/ros/humble /usr/bin/cmake /home/sentry_ws/src/sentry_waypoint_loader_cpp -DCMAKE_INSTALL_PREFIX=/home/sentry_ws/src/install/sentry_waypoint_loader_cpp
[1.366s] Invoking command in '/home/sentry_ws/src/build/sentry_waypoint_loader_cpp': CMAKE_PREFIX_PATH=${CMAKE_PREFIX_PATH}:/home/sentry_ws/install/control_panel:/opt/ros/humble /usr/bin/cmake --build /home/sentry_ws/src/build/sentry_waypoint_loader_cpp -- -j16 -l16
[1.453s] [ 50%] [32mBuilding CXX object CMakeFiles/waypoint_loader_cpp.dir/src/waypoint_loader.cpp.o[0m
[5.111s] In file included from [01m[K/opt/ros/humble/include/rclcpp/rclcpp/logging.hpp:24[m[K,
[5.111s]                  from [01m[K/opt/ros/humble/include/rclcpp/rclcpp/client.hpp:40[m[K,
[5.111s]                  from [01m[K/opt/ros/humble/include/rclcpp/rclcpp/callback_group.hpp:24[m[K,
[5.112s]                  from [01m[K/opt/ros/humble/include/rclcpp/rclcpp/any_executable.hpp:20[m[K,
[5.112s]                  from [01m[K/opt/ros/humble/include/rclcpp/rclcpp/memory_strategy.hpp:25[m[K,
[5.112s]                  from [01m[K/opt/ros/humble/include/rclcpp/rclcpp/memory_strategies.hpp:18[m[K,
[5.112s]                  from [01m[K/opt/ros/humble/include/rclcpp/rclcpp/executor_options.hpp:20[m[K,
[5.113s]                  from [01m[K/opt/ros/humble/include/rclcpp/rclcpp/executor.hpp:37[m[K,
[5.113s]                  from [01m[K/opt/ros/humble/include/rclcpp/rclcpp/executors/multi_threaded_executor.hpp:25[m[K,
[5.113s]                  from [01m[K/opt/ros/humble/include/rclcpp/rclcpp/executors.hpp:21[m[K,
[5.113s]                  from [01m[K/opt/ros/humble/include/rclcpp/rclcpp/rclcpp.hpp:155[m[K,
[5.113s]                  from [01m[K/home/sentry_ws/src/sentry_waypoint_loader_cpp/src/waypoint_loader.cpp:1[m[K:
[5.113s] [01m[K/home/sentry_ws/src/sentry_waypoint_loader_cpp/src/waypoint_loader.cpp:[m[K In lambda function:
[5.113s] [01m[K/home/sentry_ws/src/sentry_waypoint_loader_cpp/src/waypoint_loader.cpp:171:39:[m[K [01;31m[Kerror: [m[K‘[01m[Kusing element_type = struct nav2_msgs::action::FollowWaypoints_Result_<std::allocator<void> >[m[K’ {aka ‘[01m[Kstruct nav2_msgs::action::FollowWaypoints_Result_<std::allocator<void> >[m[K’} has no member named ‘[01m[Ksuccessful_poses[m[K’
[5.113s]   171 |                        result.result->[01;31m[Ksuccessful_poses[m[K, result.result->failed_poses);
[5.113s]       |                                       [01;31m[K^~~~~~~~~~~~~~~~[m[K
[5.113s] [01m[K/home/sentry_ws/src/sentry_waypoint_loader_cpp/src/waypoint_loader.cpp:171:72:[m[K [01;31m[Kerror: [m[K‘[01m[Kusing element_type = struct nav2_msgs::action::FollowWaypoints_Result_<std::allocator<void> >[m[K’ {aka ‘[01m[Kstruct nav2_msgs::action::FollowWaypoints_Result_<std::allocator<void> >[m[K’} has no member named ‘[01m[Kfailed_poses[m[K’
[5.113s]   171 |             result.result->successful_poses, result.result->[01;31m[Kfailed_poses[m[K);
[5.113s]       |                                                             [01;31m[K^~~~~~~~~~~~[m[K
[5.113s] 
[5.119s] [01m[K/home/sentry_ws/src/sentry_waypoint_loader_cpp/src/waypoint_loader.cpp:[m[K In lambda function:
[5.119s] [01m[K/home/sentry_ws/src/sentry_waypoint_loader_cpp/src/waypoint_loader.cpp:189:58:[m[K [01;31m[Kerror: [m[K‘[01m[Kusing element_type = const struct nav2_msgs::action::FollowWaypoints_Feedback_<std::allocator<void> >[m[K’ {aka ‘[01m[Kconst struct nav2_msgs::action::FollowWaypoints_Feedback_<std::allocator<void> >[m[K’} has no member named ‘[01m[Ktotal_waypoints[m[K’
[5.119s]   189 |                    feedback->current_waypoint, feedback->[01;31m[Ktotal_waypoints[m[K);
[5.120s]       |                                                          [01;31m[K^~~~~~~~~~~~~~~[m[K
[6.361s] gmake[2]: *** [CMakeFiles/waypoint_loader_cpp.dir/build.make:76: CMakeFiles/waypoint_loader_cpp.dir/src/waypoint_loader.cpp.o] Error 1
[6.361s] gmake[1]: *** [CMakeFiles/Makefile2:137: CMakeFiles/waypoint_loader_cpp.dir/all] Error 2
[6.361s] gmake: *** [Makefile:146: all] Error 2
[6.364s] Invoked command in '/home/sentry_ws/src/build/sentry_waypoint_loader_cpp' returned '2': CMAKE_PREFIX_PATH=${CMAKE_PREFIX_PATH}:/home/sentry_ws/install/control_panel:/opt/ros/humble /usr/bin/cmake --build /home/sentry_ws/src/build/sentry_waypoint_loader_cpp -- -j16 -l16
