[0.085s] Invoking command in '/home/sentry_ws/src/build/sentry_waypoint_loader_cpp': /usr/bin/cmake /home/sentry_ws/src/sentry_waypoint_loader_cpp -DCATKIN_INSTALL_INTO_PREFIX_ROOT=0 -DCMAKE_INSTALL_PREFIX=/home/sentry_ws/src/install/sentry_waypoint_loader_cpp
[1.492s] -- The C compiler identification is GNU 11.4.0
[2.037s] -- The CXX compiler identification is GNU 11.4.0
[2.174s] -- Detecting C compiler ABI info
[2.452s] -- Detecting C compiler ABI info - done
[2.459s] -- Check for working C compiler: /usr/bin/cc - skipped
[2.459s] -- Detecting C compile features
[2.477s] -- Detecting C compile features - done
[2.481s] -- Detecting CXX compiler ABI info
[2.629s] -- Detecting CXX compiler ABI info - done
[2.637s] -- Check for working CXX compiler: /usr/bin/c++ - skipped
[2.637s] -- Detecting CXX compile features
[2.638s] -- Detecting CXX compile features - done
[3.041s] -- Found ament_cmake: 1.3.6 (/opt/ros/humble/share/ament_cmake/cmake)
[3.429s] -- Found Python3: /usr/bin/python3.10 (found version "3.10.12") found components: Interpreter 
[3.790s] -- Found rclcpp: 16.0.5 (/opt/ros/humble/share/rclcpp/cmake)
[4.153s] -- Found rosidl_generator_c: 3.1.5 (/opt/ros/humble/share/rosidl_generator_c/cmake)
[4.181s] -- Found rosidl_adapter: 3.1.5 (/opt/ros/humble/share/rosidl_adapter/cmake)
[4.225s] -- Found rosidl_generator_cpp: 3.1.5 (/opt/ros/humble/share/rosidl_generator_cpp/cmake)
[4.270s] -- Using all available rosidl_typesupport_c: rosidl_typesupport_fastrtps_c;rosidl_typesupport_introspection_c
[4.321s] -- Using all available rosidl_typesupport_cpp: rosidl_typesupport_fastrtps_cpp;rosidl_typesupport_introspection_cpp
[4.555s] -- Found rmw_implementation_cmake: 6.1.1 (/opt/ros/humble/share/rmw_implementation_cmake/cmake)
[4.595s] -- Found rmw_fastrtps_cpp: 6.2.3 (/opt/ros/humble/share/rmw_fastrtps_cpp/cmake)
[5.141s] -- Found OpenSSL: /usr/lib/x86_64-linux-gnu/libcrypto.so (found version "3.0.2")  
[5.198s] -- Found FastRTPS: /opt/ros/humble/include  
[5.287s] -- Using RMW implementation 'rmw_fastrtps_cpp' as default
[5.468s] -- Looking for pthread.h
[5.750s] -- Looking for pthread.h - found
[5.757s] -- Performing Test CMAKE_HAVE_LIBC_PTHREAD
[5.854s] -- Performing Test CMAKE_HAVE_LIBC_PTHREAD - Success
[5.854s] -- Found Threads: TRUE  
[6.130s] -- Found rclcpp_action: 16.0.5 (/opt/ros/humble/share/rclcpp_action/cmake)
[6.368s] -- Found nav2_msgs: 1.1.13 (/opt/ros/humble/share/nav2_msgs/cmake)
[6.896s] [31mCMake Error at CMakeLists.txt:10 (target_link_libraries):
[6.896s]   Cannot specify link libraries for target "waypoint_loader_cpp" which is not
[6.896s]   built by this project.
[6.896s] 
[6.896s] [0m
[6.896s] -- Configuring incomplete, errors occurred!
[6.896s] See also "/home/sentry_ws/src/build/sentry_waypoint_loader_cpp/CMakeFiles/CMakeOutput.log".
[6.911s] Invoked command in '/home/sentry_ws/src/build/sentry_waypoint_loader_cpp' returned '1': /usr/bin/cmake /home/sentry_ws/src/sentry_waypoint_loader_cpp -DCATKIN_INSTALL_INTO_PREFIX_ROOT=0 -DCMAKE_INSTALL_PREFIX=/home/sentry_ws/src/install/sentry_waypoint_loader_cpp
